{"input_scale": 127, "conv1_output_scale": 2221, "conv2_output_scale": 533, "fc1_output_scale": 297, "fc2_output_scale": 388, "fc3_output_scale": 366}