41
0
29
6
0
1
0
8
0
0
24
0
0
0
7
0
3
19
0
13
0
0
14
0
8
22
0
0
0
0
0
0
17
0
34
0
0
77
1
0
7
0
0
0
0
0
0
0
0
0
0
0
0
40
8
0
0
55
0
0
0
25
0
0
0
2
0
11
0
0
0
17
0
0
0
0
4
21
41
0
0
0
0
0
