9770
20694
-8056
-8829
-24768
-7983
-20701
528
22598
17782
