9774
20717
-8071
-8839
-24790
-7979
-20707
540
22588
17800
